// Jest Snapshot v1, https://goo.gl/fbAQLP

exports[`SMSCodeScreen should render correctly 1`] = `null`;
